// Jest Snapshot v1, https://goo.gl/fbAQLP

exports[`Multiple Choice Field MultipleChoiceField should render properly 1`] = `
<label
  className="option"
>
  <input
    checked={true}
    className="radio-btn"
    name="list_12110969"
    onChange={[Function]}
    type="radio"
    value="Yes, several months"
  />
  <span>
    Yes, several months
  </span>
</label>
`;
